../Application/User/Core/i2c_lcd.c:15:13:LCD_SendByte	24	static
../Application/User/Core/i2c_lcd.c:19:13:LCD_PulseEnable	16	static
../Application/User/Core/i2c_lcd.c:26:13:LCD_SendNibble	24	static
../Application/User/Core/i2c_lcd.c:31:13:LCD_SendCommand	16	static
../Application/User/Core/i2c_lcd.c:36:13:LCD_SendData	16	static
../Application/User/Core/i2c_lcd.c:43:6:LCD_Init	16	static
../Application/User/Core/i2c_lcd.c:61:6:LCD_Clear	8	static
../Application/User/Core/i2c_lcd.c:66:6:LCD_SetCursor	24	static
../Application/User/Core/i2c_lcd.c:71:6:LCD_PrintChar	16	static
../Application/User/Core/i2c_lcd.c:75:6:LCD_Print	16	static
