/Users/aditi_raj/Documents/Github/Energy-monitoring-system/Core/Core/Src/main.c:91:5:main	64	static
/Users/aditi_raj/Documents/Github/Energy-monitoring-system/Core/Core/Src/main.c:155:6:SystemClock_Config	88	static
/Users/aditi_raj/Documents/Github/Energy-monitoring-system/Core/Core/Src/main.c:201:13:MX_ADC1_Init	24	static
/Users/aditi_raj/Documents/Github/Energy-monitoring-system/Core/Core/Src/main.c:257:13:MX_DMA_Init	16	static
/Users/aditi_raj/Documents/Github/Energy-monitoring-system/Core/Core/Src/main.c:266:13:MX_ETH_Init	8	static
/Users/aditi_raj/Documents/Github/Energy-monitoring-system/Core/Core/Src/main.c:315:13:MX_I2C1_Init	8	static
/Users/aditi_raj/Documents/Github/Energy-monitoring-system/Core/Core/Src/main.c:363:13:MX_UART4_Init	8	static
/Users/aditi_raj/Documents/Github/Energy-monitoring-system/Core/Core/Src/main.c:396:13:MX_USART3_UART_Init	8	static
/Users/aditi_raj/Documents/Github/Energy-monitoring-system/Core/Core/Src/main.c:429:13:MX_USB_OTG_FS_PCD_Init	8	static
/Users/aditi_raj/Documents/Github/Energy-monitoring-system/Core/Core/Src/main.c:464:13:MX_GPIO_Init	56	static
/Users/aditi_raj/Documents/Github/Energy-monitoring-system/Core/Core/Src/main.c:523:6:Error_Handler	4	static,ignoring_inline_asm
