/Users/aditi_raj/Documents/Github/Energy-monitoring-system/Core/Core/Src/stm32f4xx_hal_msp.c:62:6:HAL_MspInit	16	static
/Users/aditi_raj/Documents/Github/Energy-monitoring-system/Core/Core/Src/stm32f4xx_hal_msp.c:85:6:HAL_ADC_MspInit	56	static
/Users/aditi_raj/Documents/Github/Energy-monitoring-system/Core/Core/Src/stm32f4xx_hal_msp.c:142:6:HAL_ADC_MspDeInit	16	static
/Users/aditi_raj/Documents/Github/Energy-monitoring-system/Core/Core/Src/stm32f4xx_hal_msp.c:163:6:HAL_ETH_MspInit	64	static
/Users/aditi_raj/Documents/Github/Energy-monitoring-system/Core/Core/Src/stm32f4xx_hal_msp.c:231:6:HAL_ETH_MspDeInit	16	static
/Users/aditi_raj/Documents/Github/Energy-monitoring-system/Core/Core/Src/stm32f4xx_hal_msp.c:273:6:HAL_I2C_MspInit	48	static
/Users/aditi_raj/Documents/Github/Energy-monitoring-system/Core/Core/Src/stm32f4xx_hal_msp.c:310:6:HAL_I2C_MspDeInit	16	static
/Users/aditi_raj/Documents/Github/Energy-monitoring-system/Core/Core/Src/stm32f4xx_hal_msp.c:341:6:HAL_UART_MspInit	56	static
/Users/aditi_raj/Documents/Github/Energy-monitoring-system/Core/Core/Src/stm32f4xx_hal_msp.c:409:6:HAL_UART_MspDeInit	16	static
/Users/aditi_raj/Documents/Github/Energy-monitoring-system/Core/Core/Src/stm32f4xx_hal_msp.c:458:6:HAL_PCD_MspInit	48	static
/Users/aditi_raj/Documents/Github/Energy-monitoring-system/Core/Core/Src/stm32f4xx_hal_msp.c:503:6:HAL_PCD_MspDeInit	16	static
