/Users/aditi_raj/Documents/Github/Energy-monitoring-system/Core/Src/main.c:90:5:main	40	static
/Users/aditi_raj/Documents/Github/Energy-monitoring-system/Core/Src/main.c:162:6:SystemClock_Config	88	static
/Users/aditi_raj/Documents/Github/Energy-monitoring-system/Core/Src/main.c:208:13:MX_ADC1_Init	24	static
/Users/aditi_raj/Documents/Github/Energy-monitoring-system/Core/Src/main.c:268:13:MX_ETH_Init	8	static
/Users/aditi_raj/Documents/Github/Energy-monitoring-system/Core/Src/main.c:317:13:MX_I2C1_Init	8	static
/Users/aditi_raj/Documents/Github/Energy-monitoring-system/Core/Src/main.c:365:13:MX_UART4_Init	8	static
/Users/aditi_raj/Documents/Github/Energy-monitoring-system/Core/Src/main.c:398:13:MX_USART3_UART_Init	8	static
/Users/aditi_raj/Documents/Github/Energy-monitoring-system/Core/Src/main.c:431:13:MX_USB_OTG_FS_PCD_Init	8	static
/Users/aditi_raj/Documents/Github/Energy-monitoring-system/Core/Src/main.c:466:13:MX_GPIO_Init	56	static
/Users/aditi_raj/Documents/Github/Energy-monitoring-system/Core/Src/main.c:526:6:Error_Handler	4	static,ignoring_inline_asm
