/Users/aditi_raj/Documents/Github/Energy-monitoring-system/Core/Src/stm32f4xx_hal_msp.c:62:6:HAL_MspInit	16	static
/Users/aditi_raj/Documents/Github/Energy-monitoring-system/Core/Src/stm32f4xx_hal_msp.c:85:6:HAL_ADC_MspInit	48	static
/Users/aditi_raj/Documents/Github/Energy-monitoring-system/Core/Src/stm32f4xx_hal_msp.c:120:6:HAL_ADC_MspDeInit	16	static
/Users/aditi_raj/Documents/Github/Energy-monitoring-system/Core/Src/stm32f4xx_hal_msp.c:149:6:HAL_ETH_MspInit	64	static
/Users/aditi_raj/Documents/Github/Energy-monitoring-system/Core/Src/stm32f4xx_hal_msp.c:217:6:HAL_ETH_MspDeInit	16	static
/Users/aditi_raj/Documents/Github/Energy-monitoring-system/Core/Src/stm32f4xx_hal_msp.c:259:6:HAL_I2C_MspInit	48	static
/Users/aditi_raj/Documents/Github/Energy-monitoring-system/Core/Src/stm32f4xx_hal_msp.c:296:6:HAL_I2C_MspDeInit	16	static
/Users/aditi_raj/Documents/Github/Energy-monitoring-system/Core/Src/stm32f4xx_hal_msp.c:327:6:HAL_UART_MspInit	56	static
/Users/aditi_raj/Documents/Github/Energy-monitoring-system/Core/Src/stm32f4xx_hal_msp.c:395:6:HAL_UART_MspDeInit	16	static
/Users/aditi_raj/Documents/Github/Energy-monitoring-system/Core/Src/stm32f4xx_hal_msp.c:444:6:HAL_PCD_MspInit	48	static
/Users/aditi_raj/Documents/Github/Energy-monitoring-system/Core/Src/stm32f4xx_hal_msp.c:489:6:HAL_PCD_MspDeInit	16	static
