17:57:46 **** Incremental Build of configuration Debug for project Energy_Monitoring_system ****
make -j7 all 
arm-none-eabi-gcc "/Users/aditi_raj/Documents/Github/Energy-monitoring-system/Core/Core/Src/main.c" -mcpu=cortex-m4 -std=gnu11 -g3 -DDEBUG -DUSE_HAL_DRIVER -DSTM32F429xx -c -I../../Core/Inc -I../../Drivers/STM32F4xx_HAL_Driver/Inc -I../../Drivers/STM32F4xx_HAL_Driver/Inc/Legacy -I../../Drivers/CMSIS/Device/ST/STM32F4xx/Include -I../../Drivers/CMSIS/Include -I/Users/aditi_raj/Documents/Github/Energy-monitoring-system/STM32CubeIDE/Application/User/Core -O0 -ffunction-sections -fdata-sections -Wall -fstack-usage -fcyclomatic-complexity -MMD -MP -MF"Application/User/Core/main.d" -MT"Application/User/Core/main.o" --specs=nano.specs -mfpu=fpv4-sp-d16 -mfloat-abi=hard -mthumb -o "Application/User/Core/main.o"
arm-none-eabi-gcc -o "Energy_Monitoring_system.elf" @"objects.list"   -mcpu=cortex-m4 -T"/Users/aditi_raj/Documents/Github/Energy-monitoring-system/Core/STM32CubeIDE/STM32F429ZITX_FLASH.ld" --specs=nosys.specs -Wl,-Map="Energy_Monitoring_system.map" -Wl,--gc-sections -static -u _printf_float --specs=nano.specs -mfpu=fpv4-sp-d16 -mfloat-abi=hard -mthumb -Wl,--start-group -lc -lm -Wl,--end-group
Finished building target: Energy_Monitoring_system.elf
 
arm-none-eabi-size  Energy_Monitoring_system.elf 
arm-none-eabi-objdump -h -S Energy_Monitoring_system.elf  > "Energy_Monitoring_system.list"
arm-none-eabi-objcopy  -O ihex Energy_Monitoring_system.elf  "Energy_Monitoring_system.hex"
   text	   data	    bss	    dec	    hex	filename
  35600	    472	   4120	  40192	   9d00	Energy_Monitoring_system.elf
Finished building: default.size.stdout
 
Finished building: Energy_Monitoring_system.hex
 
Finished building: Energy_Monitoring_system.list
 

17:57:46 Build Finished. 0 errors, 0 warnings. (took 350ms)

